900
# city_quarters_organic_big
# Large organic city map with dense districts and bridges between neighborhoods.
# Start in south-west internal district, end in north-east internal district.
##start
Start 560 1070
##end
End 1240 510
C_Campus_00 1633 572
C_Campus_01 1471 578
C_Campus_02 1511 573
C_Campus_03 1702 571
C_Campus_04 1505 644
C_Campus_05 1500 598
C_Campus_06 1623 630
C_Campus_07 1580 574
C_Campus_08 1564 651
C_Campus_09 1585 508
C_Campus_10 1471 557
C_Campus_11 1537 508
C_Campus_12 1637 519
C_Campus_13 1537 554
C_Campus_14 1545 636
C_Campus_15 1451 531
C_Campus_16 1596 638
C_Campus_17 1517 505
C_Campus_18 1536 714
C_Campus_19 1507 447
C_Campus_20 1534 507
C_Campus_21 1509 574
C_Campus_22 1553 555
C_Campus_23 1616 497
C_Campus_24 1528 605
C_Campus_25 1524 578
C_Campus_26 1599 570
C_Campus_27 1632 539
C_Campus_28 1576 549
C_Campus_29 1622 551
C_Campus_30 1508 554
C_Campus_31 1623 646
C_Campus_32 1563 612
C_Campus_33 1440 635
C_Canal_00 1015 285
C_Canal_01 1106 192
C_Canal_02 1140 138
C_Canal_03 1082 282
C_Canal_04 1181 134
C_Canal_05 1122 203
C_Canal_06 975 337
C_Canal_07 1034 159
C_Canal_08 1113 205
C_Canal_09 1065 258
C_Canal_10 1087 237
C_Canal_11 1033 273
C_Canal_12 1016 241
C_Canal_13 1118 288
C_Canal_14 1144 261
C_Canal_15 1100 212
C_Canal_16 1030 193
C_Canal_17 1089 308
C_Canal_18 1107 307
C_Canal_19 1097 224
C_Canal_20 1061 188
C_Canal_21 1099 215
C_Canal_22 1068 346
C_Canal_23 1001 219
C_Canal_24 1117 268
C_Canal_25 1053 189
C_Canal_26 1019 281
C_Canal_27 1195 249
C_Canal_28 1014 244
C_Canal_29 1053 347
C_Canal_30 1101 346
C_Canal_31 982 264
C_Canal_32 1038 289
C_Canal_33 1184 139
C_Centre_00 851 819
C_Centre_01 968 734
C_Centre_02 851 833
C_Centre_03 919 859
C_Centre_04 833 742
C_Centre_05 810 821
C_Centre_06 762 807
C_Centre_07 830 784
C_Centre_08 982 870
C_Centre_09 857 814
C_Centre_10 835 907
C_Centre_11 962 787
C_Centre_12 927 725
C_Centre_13 924 851
C_Centre_14 960 801
C_Centre_15 957 843
C_Centre_16 982 827
C_Centre_17 807 811
C_Centre_18 879 881
C_Centre_19 841 693
C_Centre_20 897 810
C_Centre_21 892 806
C_Centre_22 842 801
C_Centre_23 833 845
C_Centre_24 837 887
C_Centre_25 869 759
C_Centre_26 899 920
C_Centre_27 894 744
C_Centre_28 889 785
C_Centre_29 812 854
C_Centre_30 915 901
C_Centre_31 874 807
C_Centre_32 945 773
C_Centre_33 898 757
C_Centre_34 896 906
C_Centre_35 913 784
C_Centre_36 934 738
C_Centre_37 937 802
C_Centre_38 831 771
C_Centre_39 905 923
C_Centre_40 862 765
C_Centre_41 844 800
C_Centre_42 833 940
C_Centre_43 876 755
C_Centre_44 1002 745
C_Centre_45 873 828
C_Centre_46 951 867
C_Centre_47 902 789
C_Centre_48 960 927
C_Centre_49 899 708
C_Centre_50 987 909
C_Centre_51 805 800
C_Centre_52 900 790
C_Centre_53 979 802
C_Centre_54 937 883
C_Centre_55 799 831
C_Centre_56 788 800
C_Centre_57 872 962
C_Est_00 1351 770
C_Est_01 1414 837
C_Est_02 1356 825
C_Est_03 1408 767
C_Est_04 1382 786
C_Est_05 1314 874
C_Est_06 1356 904
C_Est_07 1370 833
C_Est_08 1273 750
C_Est_09 1370 875
C_Est_10 1413 713
C_Est_11 1347 830
C_Est_12 1352 759
C_Est_13 1395 755
C_Est_14 1446 808
C_Est_15 1440 882
C_Est_16 1366 780
C_Est_17 1302 765
C_Est_18 1274 773
C_Est_19 1432 804
C_Est_20 1320 893
C_Est_21 1280 774
C_Est_22 1243 708
C_Est_23 1350 789
C_Est_24 1296 801
C_Est_25 1352 715
C_Est_26 1398 838
C_Est_27 1286 786
C_Est_28 1418 770
C_Est_29 1366 768
C_Est_30 1369 836
C_Est_31 1403 779
C_Est_32 1296 835
C_Est_33 1343 880
C_Est_34 1318 880
C_Est_35 1358 794
C_Est_36 1420 840
C_Est_37 1321 763
C_Est_38 1287 763
C_Est_39 1279 775
C_Est_40 1377 702
C_Est_41 1376 858
C_Est_42 1342 767
C_Est_43 1216 787
C_Est_44 1321 799
C_Est_45 1343 768
C_NEst_00 1237 466
C_NEst_01 1370 595
C_NEst_02 1299 464
C_NEst_03 1318 497
C_NEst_04 1240 408
C_NEst_05 1223 437
C_NEst_06 1334 550
C_NEst_07 1249 433
C_NEst_08 1234 425
C_NEst_09 1148 392
C_NEst_10 1326 434
C_NEst_11 1236 447
C_NEst_12 1385 467
C_NEst_13 1190 501
C_NEst_14 1384 423
C_NEst_15 1221 509
C_NEst_16 1255 444
C_NEst_17 1404 439
C_NEst_18 1292 372
C_NEst_19 1329 483
C_NEst_20 1309 568
C_NEst_21 1243 463
C_NEst_22 1404 418
C_NEst_23 1330 414
C_NEst_24 1268 520
C_NEst_25 1288 458
C_NEst_26 1332 499
C_NEst_27 1226 534
C_NEst_28 1345 459
C_NEst_29 1337 569
C_NEst_30 1285 354
C_NEst_31 1289 477
C_NEst_32 1219 520
C_NEst_33 1305 533
C_NEst_34 1310 398
C_NEst_35 1214 506
C_NEst_36 1171 421
C_NEst_37 1262 562
C_NEst_38 1343 484
C_NEst_39 1260 427
C_NEst_40 1211 408
C_NEst_41 1331 420
C_NOuest_00 543 453
C_NOuest_01 543 506
C_NOuest_02 487 509
C_NOuest_03 443 444
C_NOuest_04 586 360
C_NOuest_05 572 475
C_NOuest_06 582 571
C_NOuest_07 520 431
C_NOuest_08 549 413
C_NOuest_09 388 466
C_NOuest_10 511 415
C_NOuest_11 564 517
C_NOuest_12 508 511
C_NOuest_13 478 493
C_NOuest_14 502 535
C_NOuest_15 572 488
C_NOuest_16 524 513
C_NOuest_17 561 539
C_NOuest_18 498 431
C_NOuest_19 549 472
C_NOuest_20 518 537
C_NOuest_21 564 428
C_NOuest_22 610 583
C_NOuest_23 487 463
C_NOuest_24 571 437
C_NOuest_25 555 444
C_NOuest_26 445 463
C_NOuest_27 487 544
C_NOuest_28 452 497
C_NOuest_29 493 433
C_NOuest_30 450 526
C_NOuest_31 616 481
C_NOuest_32 474 542
C_NOuest_33 585 499
C_NOuest_34 503 404
C_NOuest_35 543 389
C_NOuest_36 567 541
C_NOuest_37 535 393
C_Nord_00 877 508
C_Nord_01 863 470
C_Nord_02 900 400
C_Nord_03 951 526
C_Nord_04 840 463
C_Nord_05 857 441
C_Nord_06 960 386
C_Nord_07 923 471
C_Nord_08 897 393
C_Nord_09 1016 403
C_Nord_10 974 401
C_Nord_11 1030 435
C_Nord_12 1005 368
C_Nord_13 784 397
C_Nord_14 924 370
C_Nord_15 898 304
C_Nord_16 965 500
C_Nord_17 909 348
C_Nord_18 867 335
C_Nord_19 946 425
C_Nord_20 952 405
C_Nord_21 895 446
C_Nord_22 987 342
C_Nord_23 867 416
C_Nord_24 922 467
C_Nord_25 831 348
C_Nord_26 967 549
C_Nord_27 925 366
C_Nord_28 967 341
C_Nord_29 856 398
C_Nord_30 835 394
C_Nord_31 863 422
C_Nord_32 915 457
C_Nord_33 934 427
C_Nord_34 858 436
C_Nord_35 952 401
C_Nord_36 868 424
C_Nord_37 953 399
C_Nord_38 941 390
C_Nord_39 907 323
C_Nord_40 914 392
C_Nord_41 857 531
C_Nord_42 948 443
C_Nord_43 940 343
C_Nord_44 970 454
C_Ouest_00 427 734
C_Ouest_01 495 794
C_Ouest_02 455 746
C_Ouest_03 448 736
C_Ouest_04 390 736
C_Ouest_05 439 862
C_Ouest_06 446 806
C_Ouest_07 407 845
C_Ouest_08 483 793
C_Ouest_09 547 794
C_Ouest_10 443 835
C_Ouest_11 494 796
C_Ouest_12 403 734
C_Ouest_13 483 677
C_Ouest_14 453 829
C_Ouest_15 391 844
C_Ouest_16 545 805
C_Ouest_17 469 736
C_Ouest_18 340 774
C_Ouest_19 503 779
C_Ouest_20 431 863
C_Ouest_21 387 849
C_Ouest_22 529 711
C_Ouest_23 448 780
C_Ouest_24 385 772
C_Ouest_25 454 883
C_Ouest_26 419 736
C_Ouest_27 483 862
C_Ouest_28 437 801
C_Ouest_29 490 737
C_Ouest_30 564 860
C_Ouest_31 342 782
C_Ouest_32 351 856
C_Ouest_33 445 791
C_Ouest_34 392 826
C_Ouest_35 345 786
C_Ouest_36 404 760
C_Ouest_37 451 780
C_Ouest_38 412 827
C_Ouest_39 483 838
C_Ouest_40 421 874
C_Ouest_41 524 822
C_Ouest_42 399 798
C_Ouest_43 442 871
C_Ouest_44 475 857
C_Ouest_45 406 731
C_Parc_00 1440 985
C_Parc_01 1593 1109
C_Parc_02 1529 1076
C_Parc_03 1545 1013
C_Parc_04 1427 1046
C_Parc_05 1510 1104
C_Parc_06 1567 1090
C_Parc_07 1578 958
C_Parc_08 1493 1116
C_Parc_09 1472 1051
C_Parc_10 1640 1071
C_Parc_11 1577 1129
C_Parc_12 1521 1066
C_Parc_13 1576 1064
C_Parc_14 1500 1094
C_Parc_15 1447 1010
C_Parc_16 1611 1105
C_Parc_17 1567 1081
C_Parc_18 1462 1021
C_Parc_19 1479 1029
C_Parc_20 1537 987
C_Parc_21 1536 1042
C_Parc_22 1501 1169
C_Parc_23 1512 1080
C_Parc_24 1589 1027
C_Parc_25 1579 1050
C_Parc_26 1521 1080
C_Parc_27 1508 1017
C_Parc_28 1504 1059
C_Parc_29 1660 1004
C_Parc_30 1466 1011
C_Parc_31 1521 935
C_Parc_32 1549 1015
C_Parc_33 1551 1055
C_Port_00 1092 1440
C_Port_01 1121 1437
C_Port_02 1054 1465
C_Port_03 1080 1405
C_Port_04 1091 1585
C_Port_05 1054 1527
C_Port_06 1136 1530
C_Port_07 1053 1563
C_Port_08 1072 1470
C_Port_09 1121 1557
C_Port_10 1046 1498
C_Port_11 1012 1448
C_Port_12 1044 1560
C_Port_13 1048 1489
C_Port_14 1107 1497
C_Port_15 1069 1444
C_Port_16 1076 1614
C_Port_17 943 1495
C_Port_18 1139 1509
C_Port_19 985 1518
C_Port_20 1040 1603
C_Port_21 1042 1485
C_Port_22 1116 1545
C_Port_23 1039 1453
C_Port_24 1217 1430
C_Port_25 1075 1545
C_Port_26 1134 1559
C_Port_27 1033 1551
C_Port_28 1084 1519
C_Port_29 1072 1496
C_Port_30 1041 1574
C_Port_31 1051 1456
C_Port_32 1109 1419
C_Port_33 1124 1453
C_Port_34 1025 1622
C_Port_35 1053 1518
C_SEst_00 1263 1167
C_SEst_01 1287 1105
C_SEst_02 1273 1100
C_SEst_03 1335 1116
C_SEst_04 1263 1075
C_SEst_05 1354 1120
C_SEst_06 1317 1215
C_SEst_07 1213 1158
C_SEst_08 1298 1211
C_SEst_09 1336 1053
C_SEst_10 1202 1191
C_SEst_11 1191 1073
C_SEst_12 1289 1183
C_SEst_13 1333 1171
C_SEst_14 1216 1202
C_SEst_15 1319 1280
C_SEst_16 1231 1098
C_SEst_17 1245 1221
C_SEst_18 1205 1110
C_SEst_19 1203 1085
C_SEst_20 1274 1114
C_SEst_21 1264 1107
C_SEst_22 1229 1144
C_SEst_23 1295 1121
C_SEst_24 1312 1098
C_SEst_25 1250 1161
C_SEst_26 1198 1090
C_SEst_27 1270 1164
C_SEst_28 1341 1146
C_SEst_29 1311 984
C_SEst_30 1238 1134
C_SEst_31 1249 1172
C_SEst_32 1305 1135
C_SEst_33 1293 1155
C_SEst_34 1164 1167
C_SEst_35 1278 1187
C_SEst_36 1241 1080
C_SEst_37 1291 1117
C_SEst_38 1263 1185
C_SEst_39 1206 1192
C_SEst_40 1373 1160
C_SEst_41 1277 1223
C_SOuest_00 594 1164
C_SOuest_01 556 1194
C_SOuest_02 535 1142
C_SOuest_03 482 1208
C_SOuest_04 504 1158
C_SOuest_05 407 1140
C_SOuest_06 553 1197
C_SOuest_07 378 1164
C_SOuest_08 476 1165
C_SOuest_09 566 1125
C_SOuest_10 475 1104
C_SOuest_11 553 1211
C_SOuest_12 501 1202
C_SOuest_13 539 1184
C_SOuest_14 465 1168
C_SOuest_15 552 1260
C_SOuest_16 560 1184
C_SOuest_17 536 1208
C_SOuest_18 499 1211
C_SOuest_19 480 1183
C_SOuest_20 523 1127
C_SOuest_21 492 1125
C_SOuest_22 558 1156
C_SOuest_23 511 1215
C_SOuest_24 541 1181
C_SOuest_25 505 1199
C_SOuest_26 550 1232
C_SOuest_27 455 1129
C_SOuest_28 503 1200
C_SOuest_29 413 1105
C_SOuest_30 416 1166
C_SOuest_31 537 1038
C_SOuest_32 575 1191
C_SOuest_33 502 1260
C_SOuest_34 495 1129
C_SOuest_35 621 1144
C_SOuest_36 575 1131
C_SOuest_37 534 1115
C_SOuest_38 439 1149
C_SOuest_39 588 1076
C_SOuest_40 534 1086
C_SOuest_41 470 1146
C_Sud_00 880 1152
C_Sud_01 835 1308
C_Sud_02 782 1222
C_Sud_03 813 1221
C_Sud_04 902 1248
C_Sud_05 861 1222
C_Sud_06 761 1199
C_Sud_07 888 1291
C_Sud_08 858 1278
C_Sud_09 1023 1275
C_Sud_10 875 1222
C_Sud_11 817 1210
C_Sud_12 896 1234
C_Sud_13 900 1227
C_Sud_14 877 1240
C_Sud_15 872 1301
C_Sud_16 862 1233
C_Sud_17 891 1171
C_Sud_18 892 1228
C_Sud_19 851 1254
C_Sud_20 921 1250
C_Sud_21 929 1185
C_Sud_22 906 1297
C_Sud_23 781 1201
C_Sud_24 905 1237
C_Sud_25 851 1220
C_Sud_26 936 1183
C_Sud_27 868 1293
C_Sud_28 953 1190
C_Sud_29 843 1255
C_Sud_30 874 1217
C_Sud_31 845 1209
C_Sud_32 931 1232
C_Sud_33 929 1193
C_Sud_34 898 1352
C_Sud_35 817 1224
C_Sud_36 972 1237
C_Sud_37 894 1241
C_Sud_38 960 1213
C_Sud_39 909 1261
C_Sud_40 830 1154
C_Sud_41 782 1233
C_Sud_42 834 1232
C_Sud_43 883 1231
C_Sud_44 882 1285
C_Vieux_00 309 1041
C_Vieux_01 266 1010
C_Vieux_02 255 1042
C_Vieux_03 207 1012
C_Vieux_04 163 1048
C_Vieux_05 297 1060
C_Vieux_06 212 1089
C_Vieux_07 283 950
C_Vieux_08 251 1085
C_Vieux_09 217 985
C_Vieux_10 321 1026
C_Vieux_11 287 1067
C_Vieux_12 150 1037
C_Vieux_13 284 1070
C_Vieux_14 181 919
C_Vieux_15 237 1044
C_Vieux_16 209 980
C_Vieux_17 288 994
C_Vieux_18 241 943
C_Vieux_19 293 927
C_Vieux_20 322 972
C_Vieux_21 186 1138
C_Vieux_22 264 1124
C_Vieux_23 163 1105
C_Vieux_24 415 1008
C_Vieux_25 134 971
C_Vieux_26 191 976
C_Vieux_27 304 893
C_Vieux_28 252 1086
C_Vieux_29 274 925
C_Vieux_30 246 1039
C_Vieux_31 358 964
C_Campus_00-C_Campus_03
C_Campus_00-C_Campus_06
C_Campus_00-C_Campus_07
C_Campus_00-C_Campus_12
C_Campus_00-C_Campus_26
C_Campus_00-C_Campus_27
C_Campus_00-C_Campus_29
C_Campus_01-C_Campus_02
C_Campus_01-C_Campus_05
C_Campus_01-C_Campus_10
C_Campus_01-C_Campus_15
C_Campus_01-C_Campus_21
C_Campus_01-C_Campus_25
C_Campus_01-C_Campus_33
C_Campus_01-C_Est_25
C_Campus_01-C_NEst_29
C_Campus_02-C_Campus_05
C_Campus_02-C_Campus_10
C_Campus_02-C_Campus_13
C_Campus_02-C_Campus_15
C_Campus_02-C_Campus_21
C_Campus_02-C_Campus_25
C_Campus_02-C_Campus_30
C_Campus_03-C_Campus_07
C_Campus_03-C_Campus_12
C_Campus_03-C_Campus_26
C_Campus_03-C_Campus_27
C_Campus_03-C_Campus_29
C_Campus_04-C_Campus_05
C_Campus_04-C_Campus_08
C_Campus_04-C_Campus_14
C_Campus_04-C_Campus_18
C_Campus_04-C_Campus_24
C_Campus_04-C_Campus_33
C_Campus_04-C_Est_40
C_Campus_05-C_Campus_21
C_Campus_05-C_Campus_24
C_Campus_05-C_Campus_25
C_Campus_05-C_Campus_33
C_Campus_06-C_Campus_07
C_Campus_06-C_Campus_08
C_Campus_06-C_Campus_16
C_Campus_06-C_Campus_31
C_Campus_07-C_Campus_22
C_Campus_07-C_Campus_26
C_Campus_07-C_Campus_28
C_Campus_07-C_Campus_31
C_Campus_07-C_Campus_32
C_Campus_08-C_Campus_14
C_Campus_08-C_Campus_16
C_Campus_08-C_Campus_18
C_Campus_08-C_Campus_24
C_Campus_08-C_Campus_31
C_Campus_08-C_Campus_32
C_Campus_09-C_Campus_11
C_Campus_09-C_Campus_19
C_Campus_09-C_Campus_20
C_Campus_09-C_Campus_22
C_Campus_09-C_Campus_23
C_Campus_09-C_Campus_28
C_Campus_10-C_Campus_15
C_Campus_10-C_Campus_21
C_Campus_10-C_Campus_30
C_Campus_10-C_Campus_33
C_Campus_11-C_Campus_13
C_Campus_11-C_Campus_17
C_Campus_11-C_Campus_19
C_Campus_11-C_Campus_20
C_Campus_11-C_Campus_22
C_Campus_12-C_Campus_23
C_Campus_12-C_Campus_27
C_Campus_12-C_Campus_28
C_Campus_12-C_Campus_29
C_Campus_13-C_Campus_15
C_Campus_13-C_Campus_17
C_Campus_13-C_Campus_19
C_Campus_13-C_Campus_20
C_Campus_13-C_Campus_22
C_Campus_13-C_Campus_25
C_Campus_13-C_Campus_28
C_Campus_13-C_Campus_30
C_Campus_14-C_Campus_18
C_Campus_14-C_Campus_24
C_Campus_14-C_Campus_32
C_Campus_14-C_Est_28
C_Campus_15-C_Campus_17
C_Campus_15-C_Campus_30
C_Campus_15-C_NEst_12
C_Campus_16-C_Campus_18
C_Campus_16-C_Campus_31
C_Campus_16-C_Campus_32
C_Campus_17-C_Campus_19
C_Campus_17-C_Campus_20
C_Campus_17-C_Campus_30
C_Campus_18-C_Campus_32
C_Campus_18-C_Est_14
C_Campus_19-C_Campus_20
C_Campus_19-C_NEst_17
C_Campus_20-C_Campus_22
C_Campus_21-C_Campus_25
C_Campus_21-C_Campus_30
C_Campus_22-C_Campus_23
C_Campus_22-C_Campus_25
C_Campus_22-C_Campus_28
C_Campus_23-C_Campus_27
C_Campus_23-C_Campus_28
C_Campus_23-C_Campus_29
C_Campus_24-C_Campus_25
C_Campus_24-C_Campus_32
C_Campus_24-C_Campus_33
C_Campus_25-C_Campus_30
C_Campus_25-C_Campus_33
C_Campus_26-C_Campus_27
C_Campus_26-C_Campus_28
C_Campus_26-C_Campus_29
C_Campus_27-C_Campus_28
C_Campus_27-C_Campus_29
C_Campus_31-C_Campus_32
C_Campus_33-C_Est_10
C_Campus_33-C_NEst_01
C_Canal_00-C_Canal_06
C_Canal_00-C_Canal_09
C_Canal_00-C_Canal_11
C_Canal_00-C_Canal_26
C_Canal_00-C_Canal_31
C_Canal_00-C_Canal_32
C_Canal_00-C_NOuest_24
C_Canal_00-C_Nord_22
C_Canal_01-C_Canal_02
C_Canal_01-C_Canal_04
C_Canal_01-C_Canal_05
C_Canal_01-C_Canal_08
C_Canal_01-C_Canal_15
C_Canal_01-C_Canal_20
C_Canal_01-C_Canal_21
C_Canal_01-C_Canal_25
C_Canal_01-C_Canal_33
C_Canal_02-C_Canal_04
C_Canal_02-C_Canal_05
C_Canal_02-C_Canal_15
C_Canal_02-C_Canal_20
C_Canal_02-C_Canal_21
C_Canal_02-C_Canal_33
C_Canal_03-C_Canal_09
C_Canal_03-C_Canal_13
C_Canal_03-C_Canal_17
C_Canal_03-C_Canal_18
C_Canal_03-C_Canal_22
C_Canal_03-C_Canal_24
C_Canal_03-C_Canal_29
C_Canal_03-C_Canal_30
C_Canal_04-C_Canal_05
C_Canal_04-C_Canal_08
C_Canal_04-C_Canal_19
C_Canal_04-C_Canal_21
C_Canal_04-C_Canal_33
C_Canal_05-C_Canal_08
C_Canal_05-C_Canal_10
C_Canal_05-C_Canal_15
C_Canal_05-C_Canal_19
C_Canal_05-C_Canal_21
C_Canal_05-C_Canal_27
C_Canal_05-C_Canal_33
C_Canal_06-C_Canal_09
C_Canal_06-C_Canal_11
C_Canal_06-C_Canal_26
C_Canal_06-C_Canal_29
C_Canal_06-C_Canal_31
C_Canal_06-C_Canal_32
C_Canal_06-C_NOuest_31
C_Canal_06-C_Nord_28
C_Canal_07-C_Canal_16
C_Canal_07-C_Canal_20
C_Canal_07-C_Canal_23
C_Canal_07-C_Canal_25
C_Canal_08-C_Canal_15
C_Canal_08-C_Canal_19
C_Canal_08-C_Canal_21
C_Canal_09-C_Canal_10
C_Canal_09-C_Canal_11
C_Canal_09-C_Canal_29
C_Canal_09-C_Canal_32
C_Canal_10-C_Canal_14
C_Canal_10-C_Canal_15
C_Canal_10-C_Canal_19
C_Canal_10-C_Canal_21
C_Canal_10-C_Canal_27
C_Canal_10-C_Canal_33
C_Canal_11-C_Canal_12
C_Canal_11-C_Canal_26
C_Canal_11-C_Canal_28
C_Canal_11-C_Canal_31
C_Canal_11-C_Canal_32
C_Canal_12-C_Canal_16
C_Canal_12-C_Canal_23
C_Canal_12-C_Canal_26
C_Canal_12-C_Canal_28
C_Canal_12-C_Canal_31
C_Canal_13-C_Canal_14
C_Canal_13-C_Canal_17
C_Canal_13-C_Canal_18
C_Canal_13-C_Canal_24
C_Canal_13-C_Canal_27
C_Canal_13-C_Canal_30
C_Canal_14-C_Canal_18
C_Canal_14-C_Canal_24
C_Canal_14-C_Canal_27
C_Canal_15-C_Canal_19
C_Canal_15-C_Canal_21
C_Canal_15-C_Canal_25
C_Canal_16-C_Canal_20
C_Canal_16-C_Canal_23
C_Canal_16-C_Canal_25
C_Canal_17-C_Canal_18
C_Canal_17-C_Canal_22
C_Canal_17-C_Canal_29
C_Canal_17-C_Canal_30
C_Canal_18-C_Canal_22
C_Canal_18-C_Canal_24
C_Canal_18-C_Canal_30
C_Canal_18-C_NEst_40
C_Canal_19-C_Canal_21
C_Canal_19-C_Canal_33
C_Canal_20-C_Canal_25
C_Canal_22-C_Canal_29
C_Canal_22-C_Canal_30
C_Canal_22-C_Canal_32
C_Canal_22-C_NEst_36
C_Canal_22-C_Nord_09
C_Canal_23-C_Canal_28
C_Canal_23-C_Canal_31
C_Canal_24-C_Canal_27
C_Canal_26-C_Canal_28
C_Canal_26-C_Canal_31
C_Canal_26-C_Canal_32
C_Canal_26-C_NOuest_21
C_Canal_27-C_NEst_30
C_Canal_28-C_Canal_31
C_Canal_29-C_Canal_30
C_Canal_29-C_Canal_32
C_Canal_29-C_Nord_12
C_Canal_30-C_NEst_09
C_Canal_31-C_NOuest_04
C_Canal_31-C_Nord_43
C_Centre_00-C_Centre_02
C_Centre_00-C_Centre_05
C_Centre_00-C_Centre_06
C_Centre_00-C_Centre_09
C_Centre_00-C_Centre_17
C_Centre_00-C_Centre_22
C_Centre_00-C_Centre_23
C_Centre_00-C_Centre_41
C_Centre_00-C_Centre_45
C_Centre_00-C_Centre_55
C_Centre_01-C_Centre_12
C_Centre_01-C_Centre_20
C_Centre_01-C_Centre_32
C_Centre_01-C_Centre_35
C_Centre_01-C_Centre_36
C_Centre_01-C_Centre_44
C_Centre_01-C_Est_22
C_Centre_01-C_NEst_13
C_Centre_01-C_Nord_16
C_Centre_02-C_Centre_05
C_Centre_02-C_Centre_09
C_Centre_02-C_Centre_23
C_Centre_02-C_Centre_29
C_Centre_02-C_Centre_45
C_Centre_02-C_Centre_55
C_Centre_03-C_Centre_13
C_Centre_03-C_Centre_15
C_Centre_03-C_Centre_46
C_Centre_03-C_Centre_48
C_Centre_03-C_Centre_50
C_Centre_03-C_Centre_54
C_Centre_04-C_Centre_07
C_Centre_04-C_Centre_19
C_Centre_04-C_Centre_25
C_Centre_04-C_Centre_31
C_Centre_04-C_Centre_38
C_Centre_04-C_Centre_40
C_Centre_04-C_NOuest_36
C_Centre_04-C_Nord_01
C_Centre_05-C_Centre_06
C_Centre_05-C_Centre_17
C_Centre_05-C_Centre_23
C_Centre_05-C_Centre_29
C_Centre_05-C_Centre_51
C_Centre_05-C_Centre_55
C_Centre_05-C_Centre_56
C_Centre_05-C_Ouest_19
C_Centre_06-C_Centre_09
C_Centre_06-C_Centre_17
C_Centre_06-C_Centre_51
C_Centre_06-C_Centre_55
C_Centre_06-C_Centre_56
C_Centre_06-C_NOuest_06
C_Centre_06-C_Ouest_30
C_Centre_06-C_SOuest_31
C_Centre_07-C_Centre_22
C_Centre_07-C_Centre_31
C_Centre_07-C_Centre_38
C_Centre_07-C_Centre_41
C_Centre_07-C_Centre_51
C_Centre_07-C_Ouest_11
C_Centre_08-C_Centre_13
C_Centre_08-C_Centre_15
C_Centre_08-C_Centre_16
C_Centre_08-C_Centre_46
C_Centre_08-C_Centre_50
C_Centre_08-C_Est_39
C_Centre_08-C_SEst_19
C_Centre_09-C_Centre_17
C_Centre_09-C_Centre_22
C_Centre_09-C_Centre_31
C_Centre_09-C_Centre_41
C_Centre_09-C_Centre_45
C_Centre_09-C_Centre_51
C_Centre_09-C_Centre_56
C_Centre_10-C_Centre_18
C_Centre_10-C_Centre_24
C_Centre_10-C_Centre_29
C_Centre_10-C_Centre_42
C_Centre_10-C_Centre_45
C_Centre_10-C_SOuest_36
C_Centre_11-C_Centre_14
C_Centre_11-C_Centre_32
C_Centre_11-C_Centre_37
C_Centre_11-C_Centre_44
C_Centre_11-C_Centre_53
C_Centre_11-C_Est_21
C_Centre_12-C_Centre_21
C_Centre_12-C_Centre_27
C_Centre_12-C_Centre_36
C_Centre_12-C_Centre_47
C_Centre_12-C_Centre_49
C_Centre_12-C_Centre_52
C_Centre_12-C_NEst_32
C_Centre_12-C_Nord_03
C_Centre_13-C_Centre_15
C_Centre_13-C_Centre_46
C_Centre_13-C_Centre_50
C_Centre_13-C_Centre_54
C_Centre_14-C_Centre_16
C_Centre_14-C_Centre_32
C_Centre_14-C_Centre_37
C_Centre_14-C_Centre_53
C_Centre_14-C_Est_27
C_Centre_15-C_Centre_16
C_Centre_15-C_Centre_46
C_Centre_15-C_Centre_53
C_Centre_16-C_Centre_53
C_Centre_16-C_Est_08
C_Centre_17-C_Centre_51
C_Centre_17-C_Centre_55
C_Centre_17-C_Centre_56
C_Centre_17-C_Ouest_22
C_Centre_18-C_Centre_24
C_Centre_18-C_Centre_26
C_Centre_18-C_Centre_30
C_Centre_18-C_Centre_34
C_Centre_18-C_Centre_39
C_Centre_18-C_Centre_42
C_Centre_18-C_Centre_57
C_Centre_19-C_Centre_25
C_Centre_19-C_Centre_40
C_Centre_19-C_Centre_43
C_Centre_19-C_Centre_49
C_Centre_19-C_NOuest_22
C_Centre_19-C_Nord_41
C_Centre_20-C_Centre_21
C_Centre_20-C_Centre_31
C_Centre_20-C_Centre_32
C_Centre_20-C_Centre_35
C_Centre_20-C_Centre_44
C_Centre_20-C_Centre_47
C_Centre_20-C_Centre_52
C_Centre_21-C_Centre_28
C_Centre_21-C_Centre_31
C_Centre_21-C_Centre_33
C_Centre_21-C_Centre_47
C_Centre_21-C_Centre_49
C_Centre_21-C_Centre_52
C_Centre_22-C_Centre_41
C_Centre_22-C_Centre_51
C_Centre_22-C_Centre_56
C_Centre_23-C_Centre_24
C_Centre_23-C_Centre_29
C_Centre_23-C_Centre_45
C_Centre_24-C_Centre_29
C_Centre_24-C_Centre_42
C_Centre_24-C_Centre_45
C_Centre_24-C_SOuest_09
C_Centre_25-C_Centre_27
C_Centre_25-C_Centre_28
C_Centre_25-C_Centre_33
C_Centre_25-C_Centre_40
C_Centre_25-C_Centre_43
C_Centre_26-C_Centre_30
C_Centre_26-C_Centre_34
C_Centre_26-C_Centre_39
C_Centre_26-C_Centre_42
C_Centre_26-C_Centre_57
C_Centre_26-C_Sud_21
C_Centre_27-C_Centre_28
C_Centre_27-C_Centre_33
C_Centre_27-C_Centre_36
C_Centre_27-C_Centre_43
C_Centre_27-C_Centre_49
C_Centre_27-C_Nord_00
C_Centre_28-C_Centre_33
C_Centre_28-C_Centre_35
C_Centre_28-C_Centre_40
C_Centre_28-C_Centre_43
C_Centre_28-C_Centre_47
C_Centre_28-C_Centre_49
C_Centre_28-C_Centre_52
C_Centre_29-C_Centre_45
C_Centre_29-C_Centre_55
C_Centre_29-C_Ouest_01
C_Centre_30-C_Centre_34
C_Centre_30-C_Centre_39
C_Centre_30-C_Centre_48
C_Centre_30-C_Centre_54
C_Centre_31-C_Centre_38
C_Centre_31-C_Centre_41
C_Centre_31-C_Centre_45
C_Centre_32-C_Centre_35
C_Centre_32-C_Centre_36
C_Centre_32-C_Centre_37
C_Centre_32-C_Centre_44
C_Centre_33-C_Centre_43
C_Centre_33-C_Centre_49
C_Centre_33-C_Centre_52
C_Centre_34-C_Centre_39
C_Centre_34-C_Centre_57
C_Centre_34-C_Sud_33
C_Centre_35-C_Centre_36
C_Centre_35-C_Centre_37
C_Centre_35-C_Centre_47
C_Centre_35-C_Centre_52
C_Centre_36-C_Centre_47
C_Centre_36-C_Centre_49
C_Centre_36-C_NEst_35
C_Centre_36-C_Nord_07
C_Centre_37-C_Centre_44
C_Centre_37-C_Centre_53
C_Centre_38-C_Centre_40
C_Centre_38-C_Centre_41
C_Centre_38-C_NOuest_31
C_Centre_39-C_Centre_48
C_Centre_39-C_Centre_57
C_Centre_39-C_SEst_34
C_Centre_39-C_Sud_17
C_Centre_40-C_Centre_43
C_Centre_41-C_Centre_51
C_Centre_42-C_Centre_57
C_Centre_42-C_SOuest_39
C_Centre_42-C_Sud_40
C_Centre_44-C_Centre_53
C_Centre_44-C_Est_43
C_Centre_44-C_NEst_27
C_Centre_46-C_Centre_50
C_Centre_46-C_Centre_54
C_Centre_47-C_Centre_52
C_Centre_48-C_Centre_50
C_Centre_48-C_Centre_54
C_Centre_48-C_SEst_26
C_Centre_48-C_Sud_26
C_Centre_49-C_Nord_26
C_Centre_50-C_Centre_54
C_Centre_50-C_Est_32
C_Centre_50-C_SEst_11
C_Centre_50-C_Sud_28
C_Centre_51-C_Centre_55
C_Centre_51-C_Centre_56
C_Centre_51-C_Ouest_41
C_Centre_53-C_Est_18
C_Centre_53-C_NEst_37
C_Centre_54-C_SEst_18
C_Centre_55-C_Ouest_16
C_Centre_56-C_NOuest_17
C_Centre_56-C_Ouest_09
C_Centre_57-C_SOuest_35
C_Centre_57-C_Sud_00
C_Est_00-C_Est_12
C_Est_00-C_Est_16
C_Est_00-C_Est_23
C_Est_00-C_Est_25
C_Est_00-C_Est_29
C_Est_00-C_Est_35
C_Est_00-C_Est_37
C_Est_00-C_Est_42
C_Est_00-C_Est_45
C_Est_01-C_Est_14
C_Est_01-C_Est_15
C_Est_01-C_Est_19
C_Est_01-C_Est_26
C_Est_01-C_Est_36
C_Est_02-C_Est_06
C_Est_02-C_Est_07
C_Est_02-C_Est_09
C_Est_02-C_Est_11
C_Est_02-C_Est_30
C_Est_02-C_Est_35
C_Est_02-C_Est_41
C_Est_03-C_Est_04
C_Est_03-C_Est_10
C_Est_03-C_Est_13
C_Est_03-C_Est_28
C_Est_03-C_Est_31
C_Est_03-C_Est_35
C_Est_04-C_Est_16
C_Est_04-C_Est_19
C_Est_04-C_Est_28
C_Est_04-C_Est_29
C_Est_04-C_Est_31
C_Est_04-C_Est_35
C_Est_05-C_Est_20
C_Est_05-C_Est_24
C_Est_05-C_Est_32
C_Est_05-C_Est_33
C_Est_05-C_Est_34
C_Est_05-C_SEst_36
C_Est_06-C_Est_09
C_Est_06-C_Est_11
C_Est_06-C_Est_20
C_Est_06-C_Est_33
C_Est_06-C_Est_34
C_Est_06-C_Parc_00
C_Est_06-C_SEst_09
C_Est_07-C_Est_11
C_Est_07-C_Est_15
C_Est_07-C_Est_26
C_Est_07-C_Est_30
C_Est_07-C_Est_41
C_Est_08-C_Est_17
C_Est_08-C_Est_18
C_Est_08-C_Est_21
C_Est_08-C_Est_22
C_Est_08-C_Est_38
C_Est_08-C_Est_39
C_Est_08-C_Est_43
C_Est_08-C_NEst_06
C_Est_09-C_Est_11
C_Est_09-C_Est_30
C_Est_09-C_Est_33
C_Est_09-C_Est_41
C_Est_09-C_Parc_15
C_Est_10-C_Est_13
C_Est_10-C_Est_16
C_Est_10-C_Est_28
C_Est_10-C_Est_29
C_Est_10-C_Est_40
C_Est_10-C_NEst_20
C_Est_11-C_Est_20
C_Est_11-C_Est_30
C_Est_11-C_Est_33
C_Est_11-C_Est_35
C_Est_12-C_Est_23
C_Est_12-C_Est_25
C_Est_12-C_Est_29
C_Est_12-C_Est_40
C_Est_12-C_Est_42
C_Est_12-C_Est_45
C_Est_13-C_Est_16
C_Est_13-C_Est_28
C_Est_13-C_Est_29
C_Est_13-C_Est_31
C_Est_13-C_Est_35
C_Est_13-C_Est_40
C_Est_14-C_Est_19
C_Est_14-C_Est_28
C_Est_14-C_Est_31
C_Est_14-C_Est_36
C_Est_15-C_Est_26
C_Est_15-C_Est_30
C_Est_15-C_Est_36
C_Est_15-C_Est_41
C_Est_15-C_Parc_31
C_Est_16-C_Est_23
C_Est_16-C_Est_29
C_Est_16-C_Est_35
C_Est_17-C_Est_21
C_Est_17-C_Est_22
C_Est_17-C_Est_37
C_Est_17-C_Est_38
C_Est_17-C_Est_39
C_Est_18-C_Est_21
C_Est_18-C_Est_22
C_Est_18-C_Est_27
C_Est_18-C_Est_38
C_Est_18-C_Est_39
C_Est_18-C_Est_43
C_Est_19-C_Est_28
C_Est_19-C_Est_31
C_Est_19-C_Est_36
C_Est_20-C_Est_33
C_Est_20-C_Est_34
C_Est_20-C_SEst_29
C_Est_21-C_Est_22
C_Est_21-C_Est_24
C_Est_21-C_Est_27
C_Est_21-C_Est_38
C_Est_21-C_Est_39
C_Est_21-C_Est_43
C_Est_22-C_Est_37
C_Est_22-C_Est_38
C_Est_22-C_Est_42
C_Est_22-C_NEst_37
C_Est_23-C_Est_29
C_Est_23-C_Est_35
C_Est_23-C_Est_40
C_Est_23-C_Est_44
C_Est_23-C_Est_45
C_Est_24-C_Est_27
C_Est_24-C_Est_32
C_Est_24-C_Est_39
C_Est_24-C_Est_43
C_Est_24-C_Est_44
C_Est_25-C_Est_40
C_Est_25-C_Est_42
C_Est_25-C_Est_45
C_Est_25-C_NEst_29
C_Est_26-C_Est_30
C_Est_26-C_Est_36
C_Est_26-C_Est_41
C_Est_27-C_Est_32
C_Est_27-C_Est_39
C_Est_27-C_Est_43
C_Est_27-C_Est_44
C_Est_28-C_Est_31
C_Est_28-C_Est_35
C_Est_29-C_Est_40
C_Est_29-C_Est_45
C_Est_30-C_Est_41
C_Est_32-C_Est_34
C_Est_32-C_Est_44
C_Est_33-C_Est_34
C_Est_33-C_SEst_24
C_Est_34-C_SEst_04
C_Est_36-C_Parc_30
C_Est_37-C_Est_42
C_Est_37-C_Est_44
C_Est_37-C_Est_45
C_Est_38-C_Est_39
C_Est_39-C_Est_43
C_Est_40-C_NEst_01
C_Est_41-C_Parc_18
C_Est_42-C_Est_45
C_Est_43-C_Est_44
C_NEst_00-C_NEst_05
C_NEst_00-C_NEst_11
C_NEst_00-C_NEst_13
C_NEst_00-C_NEst_16
C_NEst_00-C_NEst_21
C_NEst_00-C_NEst_35
C_NEst_00-C_NEst_36
C_NEst_00-End
C_NEst_01-C_NEst_03
C_NEst_01-C_NEst_06
C_NEst_01-C_NEst_20
C_NEst_01-C_NEst_26
C_NEst_01-C_NEst_29
C_NEst_01-C_NEst_33
C_NEst_02-C_NEst_03
C_NEst_02-C_NEst_12
C_NEst_02-C_NEst_17
C_NEst_02-C_NEst_19
C_NEst_02-C_NEst_22
C_NEst_02-C_NEst_25
C_NEst_02-C_NEst_28
C_NEst_02-C_NEst_31
C_NEst_02-End
C_NEst_03-C_NEst_06
C_NEst_03-C_NEst_19
C_NEst_03-C_NEst_26
C_NEst_03-C_NEst_31
C_NEst_03-C_NEst_33
C_NEst_03-C_NEst_38
C_NEst_03-End
C_NEst_04-C_NEst_07
C_NEst_04-C_NEst_08
C_NEst_04-C_NEst_30
C_NEst_04-C_NEst_39
C_NEst_04-C_NEst_40
C_NEst_05-C_NEst_07
C_NEst_05-C_NEst_08
C_NEst_05-C_NEst_09
C_NEst_05-C_NEst_11
C_NEst_05-C_NEst_16
C_NEst_05-C_NEst_36
C_NEst_05-C_NEst_40
C_NEst_05-End
C_NEst_06-C_NEst_20
C_NEst_06-C_NEst_26
C_NEst_06-C_NEst_29
C_NEst_06-C_NEst_31
C_NEst_06-C_NEst_33
C_NEst_07-C_NEst_08
C_NEst_07-C_NEst_11
C_NEst_07-C_NEst_16
C_NEst_07-C_NEst_21
C_NEst_07-C_NEst_39
C_NEst_07-C_NEst_40
C_NEst_07-End
C_NEst_08-C_NEst_09
C_NEst_08-C_NEst_11
C_NEst_08-C_NEst_16
C_NEst_08-C_NEst_36
C_NEst_08-C_NEst_39
C_NEst_08-C_NEst_40
C_NEst_08-End
C_NEst_09-C_NEst_11
C_NEst_09-C_NEst_16
C_NEst_09-C_NEst_36
C_NEst_09-C_NEst_40
C_NEst_09-C_Nord_11
C_NEst_10-C_NEst_14
C_NEst_10-C_NEst_22
C_NEst_10-C_NEst_23
C_NEst_10-C_NEst_28
C_NEst_10-C_NEst_34
C_NEst_10-C_NEst_41
C_NEst_11-C_NEst_16
C_NEst_11-C_NEst_21
C_NEst_11-C_NEst_36
C_NEst_11-End
C_NEst_12-C_NEst_14
C_NEst_12-C_NEst_17
C_NEst_12-C_NEst_19
C_NEst_12-C_NEst_22
C_NEst_12-C_NEst_28
C_NEst_12-C_NEst_38
C_NEst_13-C_NEst_15
C_NEst_13-C_NEst_21
C_NEst_13-C_NEst_27
C_NEst_13-C_NEst_32
C_NEst_13-C_NEst_35
C_NEst_13-End
C_NEst_14-C_NEst_17
C_NEst_14-C_NEst_22
C_NEst_14-C_NEst_28
C_NEst_14-C_NEst_41
C_NEst_15-C_NEst_27
C_NEst_15-C_NEst_32
C_NEst_15-C_NEst_35
C_NEst_15-End
C_NEst_16-C_NEst_21
C_NEst_16-C_NEst_25
C_NEst_16-C_NEst_39
C_NEst_16-C_NEst_40
C_NEst_16-End
C_NEst_17-C_NEst_22
C_NEst_17-C_NEst_28
C_NEst_18-C_NEst_23
C_NEst_18-C_NEst_25
C_NEst_18-C_NEst_30
C_NEst_18-C_NEst_34
C_NEst_18-C_NEst_39
C_NEst_18-C_NEst_41
C_NEst_19-C_NEst_26
C_NEst_19-C_NEst_28
C_NEst_19-C_NEst_31
C_NEst_19-C_NEst_38
C_NEst_20-C_NEst_24
C_NEst_20-C_NEst_29
C_NEst_20-C_NEst_31
C_NEst_20-C_NEst_33
C_NEst_20-C_NEst_37
C_NEst_21-C_NEst_36
C_NEst_21-End
C_NEst_22-C_NEst_28
C_NEst_23-C_NEst_25
C_NEst_23-C_NEst_28
C_NEst_23-C_NEst_30
C_NEst_23-C_NEst_34
C_NEst_23-C_NEst_41
C_NEst_24-C_NEst_27
C_NEst_24-C_NEst_31
C_NEst_24-C_NEst_32
C_NEst_24-C_NEst_33
C_NEst_24-C_NEst_37
C_NEst_24-End
C_NEst_25-C_NEst_31
C_NEst_25-C_NEst_34
C_NEst_25-C_NEst_39
C_NEst_25-C_NEst_41
C_NEst_25-End
C_NEst_26-C_NEst_28
C_NEst_26-C_NEst_38
C_NEst_27-C_NEst_32
C_NEst_27-C_NEst_35
C_NEst_27-C_NEst_37
C_NEst_27-End
C_NEst_28-C_NEst_38
C_NEst_28-C_NEst_41
C_NEst_29-C_NEst_31
C_NEst_29-C_NEst_33
C_NEst_30-C_NEst_34
C_NEst_30-C_NEst_39
C_NEst_31-C_NEst_33
C_NEst_31-End
C_NEst_32-C_NEst_35
C_NEst_32-End
C_NEst_33-C_NEst_37
C_NEst_33-End
C_NEst_34-C_NEst_41
C_NEst_35-End
C_NEst_36-C_NEst_40
C_NEst_36-C_Nord_09
C_NEst_37-End
C_NEst_39-End
C_NEst_40-C_Nord_12
C_NOuest_00-C_NOuest_04
C_NOuest_00-C_NOuest_07
C_NOuest_00-C_NOuest_08
C_NOuest_00-C_NOuest_19
C_NOuest_00-C_NOuest_21
C_NOuest_00-C_NOuest_24
C_NOuest_00-C_NOuest_25
C_NOuest_01-C_NOuest_06
C_NOuest_01-C_NOuest_11
C_NOuest_01-C_NOuest_15
C_NOuest_01-C_NOuest_16
C_NOuest_01-C_NOuest_17
C_NOuest_01-C_NOuest_19
C_NOuest_01-C_NOuest_22
C_NOuest_01-C_NOuest_36
C_NOuest_02-C_NOuest_12
C_NOuest_02-C_NOuest_13
C_NOuest_02-C_NOuest_14
C_NOuest_02-C_NOuest_27
C_NOuest_02-C_NOuest_28
C_NOuest_02-C_NOuest_30
C_NOuest_02-C_NOuest_32
C_NOuest_03-C_NOuest_09
C_NOuest_03-C_NOuest_18
C_NOuest_03-C_NOuest_23
C_NOuest_03-C_NOuest_26
C_NOuest_03-C_NOuest_28
C_NOuest_03-C_NOuest_29
C_NOuest_04-C_NOuest_08
C_NOuest_04-C_NOuest_21
C_NOuest_04-C_NOuest_35
C_NOuest_04-C_NOuest_37
C_NOuest_04-C_Nord_25
C_NOuest_05-C_NOuest_15
C_NOuest_05-C_NOuest_19
C_NOuest_05-C_NOuest_24
C_NOuest_05-C_NOuest_25
C_NOuest_05-C_NOuest_31
C_NOuest_05-C_NOuest_33
C_NOuest_06-C_NOuest_11
C_NOuest_06-C_NOuest_16
C_NOuest_06-C_NOuest_17
C_NOuest_06-C_NOuest_22
C_NOuest_06-C_NOuest_36
C_NOuest_06-C_Ouest_22
C_NOuest_07-C_NOuest_10
C_NOuest_07-C_NOuest_18
C_NOuest_07-C_NOuest_29
C_NOuest_07-C_NOuest_34
C_NOuest_07-C_NOuest_35
C_NOuest_07-C_NOuest_37
C_NOuest_08-C_NOuest_21
C_NOuest_08-C_NOuest_24
C_NOuest_08-C_NOuest_25
C_NOuest_08-C_NOuest_35
C_NOuest_08-C_NOuest_37
C_NOuest_09-C_NOuest_13
C_NOuest_09-C_NOuest_23
C_NOuest_09-C_NOuest_26
C_NOuest_09-C_NOuest_28
C_NOuest_09-C_NOuest_30
C_NOuest_10-C_NOuest_18
C_NOuest_10-C_NOuest_29
C_NOuest_10-C_NOuest_34
C_NOuest_10-C_NOuest_35
C_NOuest_10-C_NOuest_37
C_NOuest_11-C_NOuest_15
C_NOuest_11-C_NOuest_17
C_NOuest_11-C_NOuest_22
C_NOuest_11-C_NOuest_33
C_NOuest_11-C_NOuest_36
C_NOuest_12-C_NOuest_13
C_NOuest_12-C_NOuest_14
C_NOuest_12-C_NOuest_16
C_NOuest_12-C_NOuest_20
C_NOuest_12-C_NOuest_27
C_NOuest_12-C_NOuest_32
C_NOuest_13-C_NOuest_23
C_NOuest_13-C_NOuest_26
C_NOuest_13-C_NOuest_28
C_NOuest_13-C_NOuest_30
C_NOuest_14-C_NOuest_16
C_NOuest_14-C_NOuest_20
C_NOuest_14-C_NOuest_27
C_NOuest_14-C_NOuest_32
C_NOuest_14-C_Ouest_03
C_NOuest_15-C_NOuest_19
C_NOuest_15-C_NOuest_31
C_NOuest_15-C_NOuest_33
C_NOuest_16-C_NOuest_17
C_NOuest_16-C_NOuest_20
C_NOuest_17-C_NOuest_20
C_NOuest_17-C_NOuest_22
C_NOuest_17-C_NOuest_36
C_NOuest_18-C_NOuest_23
C_NOuest_18-C_NOuest_29
C_NOuest_18-C_NOuest_34
C_NOuest_19-C_NOuest_24
C_NOuest_19-C_NOuest_25
C_NOuest_19-C_NOuest_31
C_NOuest_20-C_NOuest_27
C_NOuest_21-C_NOuest_24
C_NOuest_21-C_NOuest_25
C_NOuest_22-C_NOuest_33
C_NOuest_22-C_NOuest_36
C_NOuest_22-C_Nord_41
C_NOuest_22-C_Ouest_29
C_NOuest_23-C_NOuest_26
C_NOuest_23-C_NOuest_29
C_NOuest_24-C_NOuest_25
C_NOuest_24-C_NOuest_31
C_NOuest_26-C_NOuest_28
C_NOuest_27-C_NOuest_30
C_NOuest_27-C_NOuest_32
C_NOuest_27-C_Ouest_13
C_NOuest_27-C_Vieux_19
C_NOuest_28-C_NOuest_30
C_NOuest_29-C_NOuest_34
C_NOuest_30-C_NOuest_32
C_NOuest_30-C_Vieux_29
C_NOuest_31-C_NOuest_33
C_NOuest_31-C_Nord_13
C_NOuest_32-C_Ouest_17
C_NOuest_32-C_Vieux_27
C_NOuest_34-C_NOuest_35
C_NOuest_34-C_NOuest_37
C_NOuest_35-C_NOuest_37
C_Nord_00-C_Nord_01
C_Nord_00-C_Nord_04
C_Nord_00-C_Nord_07
C_Nord_00-C_Nord_21
C_Nord_00-C_Nord_24
C_Nord_00-C_Nord_32
C_Nord_00-C_Nord_41
C_Nord_01-C_Nord_04
C_Nord_01-C_Nord_05
C_Nord_01-C_Nord_21
C_Nord_01-C_Nord_34
C_Nord_01-C_Nord_41
C_Nord_02-C_Nord_08
C_Nord_02-C_Nord_14
C_Nord_02-C_Nord_18
C_Nord_02-C_Nord_23
C_Nord_02-C_Nord_25
C_Nord_02-C_Nord_29
C_Nord_02-C_Nord_40
C_Nord_03-C_Nord_07
C_Nord_03-C_Nord_16
C_Nord_03-C_Nord_24
C_Nord_03-C_Nord_26
C_Nord_04-C_Nord_05
C_Nord_04-C_Nord_21
C_Nord_04-C_Nord_31
C_Nord_04-C_Nord_34
C_Nord_04-C_Nord_41
C_Nord_05-C_Nord_23
C_Nord_05-C_Nord_31
C_Nord_05-C_Nord_34
C_Nord_05-C_Nord_36
C_Nord_06-C_Nord_09
C_Nord_06-C_Nord_10
C_Nord_06-C_Nord_12
C_Nord_06-C_Nord_20
C_Nord_06-C_Nord_22
C_Nord_06-C_Nord_28
C_Nord_06-C_Nord_35
C_Nord_06-C_Nord_37
C_Nord_06-C_Nord_38
C_Nord_07-C_Nord_16
C_Nord_07-C_Nord_21
C_Nord_07-C_Nord_24
C_Nord_07-C_Nord_26
C_Nord_07-C_Nord_32
C_Nord_07-C_Nord_41
C_Nord_07-C_Nord_42
C_Nord_08-C_Nord_14
C_Nord_08-C_Nord_15
C_Nord_08-C_Nord_18
C_Nord_08-C_Nord_23
C_Nord_08-C_Nord_25
C_Nord_08-C_Nord_40
C_Nord_09-C_Nord_10
C_Nord_09-C_Nord_11
C_Nord_09-C_Nord_12
C_Nord_09-C_Nord_19
C_Nord_09-C_Nord_20
C_Nord_10-C_Nord_11
C_Nord_10-C_Nord_12
C_Nord_10-C_Nord_20
C_Nord_10-C_Nord_35
C_Nord_10-C_Nord_37
C_Nord_11-C_Nord_12
C_Nord_11-C_Nord_19
C_Nord_11-C_Nord_33
C_Nord_11-C_Nord_44
C_Nord_12-C_Nord_22
C_Nord_12-C_Nord_28
C_Nord_12-C_Nord_35
C_Nord_12-C_Nord_37
C_Nord_12-C_Nord_38
C_Nord_13-C_Nord_23
C_Nord_13-C_Nord_25
C_Nord_13-C_Nord_29
C_Nord_13-C_Nord_30
C_Nord_13-C_Nord_31
C_Nord_14-C_Nord_17
C_Nord_14-C_Nord_27
C_Nord_14-C_Nord_38
C_Nord_14-C_Nord_39
C_Nord_14-C_Nord_40
C_Nord_14-C_Nord_43
C_Nord_15-C_Nord_17
C_Nord_15-C_Nord_18
C_Nord_15-C_Nord_39
C_Nord_15-C_Nord_43
C_Nord_16-C_Nord_26
C_Nord_16-C_Nord_42
C_Nord_16-C_Nord_44
C_Nord_17-C_Nord_18
C_Nord_17-C_Nord_27
C_Nord_17-C_Nord_39
C_Nord_17-C_Nord_40
C_Nord_17-C_Nord_43
C_Nord_18-C_Nord_25
C_Nord_18-C_Nord_39
C_Nord_19-C_Nord_20
C_Nord_19-C_Nord_33
C_Nord_19-C_Nord_35
C_Nord_19-C_Nord_42
C_Nord_19-C_Nord_44
C_Nord_20-C_Nord_33
C_Nord_20-C_Nord_35
C_Nord_20-C_Nord_37
C_Nord_20-C_Nord_38
C_Nord_21-C_Nord_24
C_Nord_21-C_Nord_32
C_Nord_21-C_Nord_36
C_Nord_21-C_Nord_41
C_Nord_22-C_Nord_28
C_Nord_22-C_Nord_38
C_Nord_22-C_Nord_43
C_Nord_23-C_Nord_29
C_Nord_23-C_Nord_30
C_Nord_23-C_Nord_31
C_Nord_23-C_Nord_34
C_Nord_23-C_Nord_36
C_Nord_24-C_Nord_26
C_Nord_24-C_Nord_32
C_Nord_24-C_Nord_42
C_Nord_25-C_Nord_29
C_Nord_25-C_Nord_30
C_Nord_26-C_Nord_42
C_Nord_27-C_Nord_28
C_Nord_27-C_Nord_40
C_Nord_27-C_Nord_43
C_Nord_28-C_Nord_38
C_Nord_28-C_Nord_43
C_Nord_29-C_Nord_30
C_Nord_29-C_Nord_31
C_Nord_29-C_Nord_36
C_Nord_30-C_Nord_31
C_Nord_30-C_Nord_36
C_Nord_31-C_Nord_34
C_Nord_31-C_Nord_36
C_Nord_32-C_Nord_33
C_Nord_32-C_Nord_41
C_Nord_33-C_Nord_35
C_Nord_33-C_Nord_42
C_Nord_33-C_Nord_44
C_Nord_34-C_Nord_36
C_Nord_35-C_Nord_37
C_Nord_35-C_Nord_38
C_Nord_37-C_Nord_38
C_Nord_38-C_Nord_40
C_Nord_39-C_Nord_40
C_Nord_39-C_Nord_43
C_Nord_42-C_Nord_44
C_Ouest_00-C_Ouest_02
C_Ouest_00-C_Ouest_03
C_Ouest_00-C_Ouest_12
C_Ouest_00-C_Ouest_17
C_Ouest_00-C_Ouest_26
C_Ouest_00-C_Ouest_45
C_Ouest_01-C_Ouest_08
C_Ouest_01-C_Ouest_09
C_Ouest_01-C_Ouest_11
C_Ouest_01-C_Ouest_16
C_Ouest_01-C_Ouest_19
C_Ouest_01-C_Ouest_41
C_Ouest_02-C_Ouest_03
C_Ouest_02-C_Ouest_17
C_Ouest_02-C_Ouest_23
C_Ouest_02-C_Ouest_29
C_Ouest_02-C_Ouest_33
C_Ouest_02-C_Ouest_37
C_Ouest_03-C_Ouest_13
C_Ouest_03-C_Ouest_17
C_Ouest_03-C_Ouest_23
C_Ouest_03-C_Ouest_26
C_Ouest_03-C_Ouest_29
C_Ouest_04-C_Ouest_12
C_Ouest_04-C_Ouest_18
C_Ouest_04-C_Ouest_24
C_Ouest_04-C_Ouest_26
C_Ouest_04-C_Ouest_36
C_Ouest_04-C_Ouest_45
C_Ouest_05-C_Ouest_10
C_Ouest_05-C_Ouest_20
C_Ouest_05-C_Ouest_25
C_Ouest_05-C_Ouest_40
C_Ouest_05-C_Ouest_43
C_Ouest_06-C_Ouest_10
C_Ouest_06-C_Ouest_14
C_Ouest_06-C_Ouest_23
C_Ouest_06-C_Ouest_25
C_Ouest_06-C_Ouest_27
C_Ouest_06-C_Ouest_28
C_Ouest_06-C_Ouest_33
C_Ouest_06-C_Ouest_37
C_Ouest_06-C_Ouest_44
C_Ouest_07-C_Ouest_15
C_Ouest_07-C_Ouest_20
C_Ouest_07-C_Ouest_21
C_Ouest_07-C_Ouest_32
C_Ouest_07-C_Ouest_34
C_Ouest_07-C_Ouest_38
C_Ouest_07-C_Ouest_40
C_Ouest_08-C_Ouest_11
C_Ouest_08-C_Ouest_19
C_Ouest_08-C_Ouest_22
C_Ouest_08-C_Ouest_37
C_Ouest_09-C_Ouest_11
C_Ouest_09-C_Ouest_16
C_Ouest_09-C_Ouest_19
C_Ouest_09-C_Ouest_30
C_Ouest_09-C_Ouest_41
C_Ouest_10-C_Ouest_14
C_Ouest_10-C_Ouest_20
C_Ouest_10-C_Ouest_25
C_Ouest_10-C_Ouest_39
C_Ouest_10-C_Ouest_43
C_Ouest_11-C_Ouest_16
C_Ouest_11-C_Ouest_19
C_Ouest_11-C_Ouest_41
C_Ouest_12-C_Ouest_24
C_Ouest_12-C_Ouest_26
C_Ouest_12-C_Ouest_36
C_Ouest_12-C_Ouest_45
C_Ouest_13-C_Ouest_17
C_Ouest_13-C_Ouest_22
C_Ouest_13-C_Ouest_23
C_Ouest_13-C_Ouest_29
C_Ouest_13-C_Ouest_33
C_Ouest_13-C_Ouest_37
C_Ouest_14-C_Ouest_25
C_Ouest_14-C_Ouest_28
C_Ouest_14-C_Ouest_39
C_Ouest_14-C_Ouest_44
C_Ouest_15-C_Ouest_21
C_Ouest_15-C_Ouest_32
C_Ouest_15-C_Ouest_34
C_Ouest_15-C_Ouest_38
C_Ouest_15-C_Vieux_29
C_Ouest_16-C_Ouest_19
C_Ouest_16-C_Ouest_30
C_Ouest_16-C_Ouest_41
C_Ouest_17-C_Ouest_22
C_Ouest_17-C_Ouest_29
C_Ouest_17-C_Ouest_33
C_Ouest_17-C_Ouest_37
C_Ouest_18-C_Ouest_24
C_Ouest_18-C_Ouest_31
C_Ouest_18-C_Ouest_35
C_Ouest_18-C_Ouest_36
C_Ouest_19-C_Ouest_22
C_Ouest_19-C_Ouest_29
C_Ouest_20-C_Ouest_25
C_Ouest_20-C_Ouest_40
C_Ouest_20-C_Ouest_43
C_Ouest_21-C_Ouest_32
C_Ouest_21-C_Ouest_34
C_Ouest_21-C_Ouest_38
C_Ouest_21-C_Vieux_19
C_Ouest_22-C_Ouest_29
C_Ouest_22-C_Ouest_37
C_Ouest_23-C_Ouest_28
C_Ouest_23-C_Ouest_33
C_Ouest_23-C_Ouest_37
C_Ouest_24-C_Ouest_31
C_Ouest_24-C_Ouest_35
C_Ouest_24-C_Ouest_36
C_Ouest_24-C_Ouest_42
C_Ouest_25-C_Ouest_27
C_Ouest_25-C_Ouest_43
C_Ouest_25-C_Ouest_44
C_Ouest_25-C_SOuest_31
C_Ouest_25-C_Vieux_24
C_Ouest_26-C_Ouest_36
C_Ouest_26-C_Ouest_45
C_Ouest_27-C_Ouest_30
C_Ouest_27-C_Ouest_39
C_Ouest_27-C_Ouest_43
C_Ouest_27-C_Ouest_44
C_Ouest_27-C_SOuest_40
C_Ouest_28-C_Ouest_32
C_Ouest_28-C_Ouest_33
C_Ouest_28-C_Ouest_34
C_Ouest_28-C_Ouest_35
C_Ouest_28-C_Ouest_37
C_Ouest_28-C_Ouest_42
C_Ouest_29-C_Ouest_37
C_Ouest_30-C_Ouest_39
C_Ouest_30-C_Ouest_41
C_Ouest_30-C_SOuest_39
C_Ouest_31-C_Ouest_35
C_Ouest_31-C_Ouest_42
C_Ouest_32-C_Ouest_34
C_Ouest_32-C_Vieux_27
C_Ouest_33-C_Ouest_37
C_Ouest_34-C_Ouest_38
C_Ouest_34-C_Ouest_42
C_Ouest_35-C_Ouest_42
C_Ouest_38-C_Ouest_40
C_Ouest_38-C_Ouest_42
C_Ouest_39-C_Ouest_41
C_Ouest_39-C_Ouest_44
C_Ouest_40-C_Ouest_43
C_Ouest_40-C_SOuest_29
C_Ouest_40-C_Vieux_31
C_Ouest_43-C_SOuest_10
C_Parc_00-C_Parc_15
C_Parc_00-C_Parc_18
C_Parc_00-C_Parc_19
C_Parc_00-C_Parc_27
C_Parc_00-C_Parc_30
C_Parc_00-C_Parc_31
C_Parc_00-C_SEst_29
C_Parc_01-C_Parc_06
C_Parc_01-C_Parc_10
C_Parc_01-C_Parc_11
C_Parc_01-C_Parc_16
C_Parc_01-C_Parc_17
C_Parc_02-C_Parc_06
C_Parc_02-C_Parc_11
C_Parc_02-C_Parc_12
C_Parc_02-C_Parc_22
C_Parc_02-C_Parc_23
C_Parc_02-C_Parc_26
C_Parc_02-C_Parc_28
C_Parc_02-C_Parc_33
C_Parc_03-C_Parc_07
C_Parc_03-C_Parc_20
C_Parc_03-C_Parc_21
C_Parc_03-C_Parc_24
C_Parc_03-C_Parc_27
C_Parc_03-C_Parc_31
C_Parc_03-C_Parc_32
C_Parc_04-C_Parc_09
C_Parc_04-C_Parc_15
C_Parc_04-C_Parc_18
C_Parc_04-C_Parc_19
C_Parc_04-C_Parc_28
C_Parc_04-C_Parc_30
C_Parc_04-C_SEst_09
C_Parc_05-C_Parc_08
C_Parc_05-C_Parc_14
C_Parc_05-C_Parc_22
C_Parc_05-C_Parc_23
C_Parc_05-C_Parc_26
C_Parc_06-C_Parc_11
C_Parc_06-C_Parc_13
C_Parc_06-C_Parc_16
C_Parc_06-C_Parc_17
C_Parc_06-C_Parc_33
C_Parc_07-C_Parc_20
C_Parc_07-C_Parc_21
C_Parc_07-C_Parc_24
C_Parc_07-C_Parc_29
C_Parc_07-C_Parc_31
C_Parc_07-C_Parc_32
C_Parc_08-C_Parc_12
C_Parc_08-C_Parc_14
C_Parc_08-C_Parc_22
C_Parc_08-C_Parc_23
C_Parc_08-C_Parc_26
C_Parc_08-C_SEst_40
C_Parc_09-C_Parc_14
C_Parc_09-C_Parc_18
C_Parc_09-C_Parc_19
C_Parc_09-C_Parc_28
C_Parc_09-C_Parc_30
C_Parc_09-C_SEst_05
C_Parc_10-C_Parc_13
C_Parc_10-C_Parc_16
C_Parc_10-C_Parc_25
C_Parc_10-C_Parc_29
C_Parc_10-C_Parc_33
C_Parc_11-C_Parc_16
C_Parc_11-C_Parc_17
C_Parc_11-C_Parc_22
C_Parc_12-C_Parc_14
C_Parc_12-C_Parc_21
C_Parc_12-C_Parc_23
C_Parc_12-C_Parc_26
C_Parc_12-C_Parc_28
C_Parc_13-C_Parc_16
C_Parc_13-C_Parc_17
C_Parc_13-C_Parc_24
C_Parc_13-C_Parc_25
C_Parc_13-C_Parc_33
C_Parc_14-C_Parc_22
C_Parc_14-C_Parc_23
C_Parc_14-C_Parc_26
C_Parc_14-C_Parc_28
C_Parc_15-C_Parc_18
C_Parc_15-C_Parc_19
C_Parc_15-C_Parc_30
C_Parc_16-C_Parc_17
C_Parc_16-C_Parc_33
C_Parc_17-C_Parc_25
C_Parc_17-C_Parc_33
C_Parc_18-C_Parc_19
C_Parc_18-C_Parc_30
C_Parc_19-C_Parc_27
C_Parc_19-C_Parc_30
C_Parc_20-C_Parc_27
C_Parc_20-C_Parc_31
C_Parc_20-C_Parc_32
C_Parc_21-C_Parc_24
C_Parc_21-C_Parc_27
C_Parc_21-C_Parc_32
C_Parc_21-C_Parc_33
C_Parc_22-C_Parc_26
C_Parc_23-C_Parc_26
C_Parc_23-C_Parc_28
C_Parc_24-C_Parc_25
C_Parc_24-C_Parc_29
C_Parc_24-C_Parc_32
C_Parc_25-C_Parc_29
C_Parc_25-C_Parc_33
C_Parc_26-C_Parc_28
C_Parc_27-C_Parc_30
C_Parc_27-C_Parc_31
C_Parc_27-C_Parc_32
C_Parc_32-C_Parc_33
C_Port_00-C_Port_01
C_Port_00-C_Port_03
C_Port_00-C_Port_08
C_Port_00-C_Port_15
C_Port_00-C_Port_32
C_Port_00-C_Port_33
C_Port_01-C_Port_03
C_Port_01-C_Port_24
C_Port_01-C_Port_32
C_Port_01-C_Port_33
C_Port_01-C_SEst_10
C_Port_02-C_Port_08
C_Port_02-C_Port_11
C_Port_02-C_Port_13
C_Port_02-C_Port_15
C_Port_02-C_Port_21
C_Port_02-C_Port_23
C_Port_02-C_Port_31
C_Port_03-C_Port_08
C_Port_03-C_Port_15
C_Port_03-C_Port_29
C_Port_03-C_Port_32
C_Port_03-C_SEst_14
C_Port_03-C_Sud_09
C_Port_04-C_Port_07
C_Port_04-C_Port_09
C_Port_04-C_Port_16
C_Port_04-C_Port_25
C_Port_04-C_Port_26
C_Port_04-C_Port_28
C_Port_05-C_Port_10
C_Port_05-C_Port_12
C_Port_05-C_Port_19
C_Port_05-C_Port_25
C_Port_05-C_Port_27
C_Port_05-C_Port_28
C_Port_05-C_Port_35
C_Port_06-C_Port_09
C_Port_06-C_Port_14
C_Port_06-C_Port_18
C_Port_06-C_Port_22
C_Port_06-C_Port_26
C_Port_07-C_Port_12
C_Port_07-C_Port_16
C_Port_07-C_Port_20
C_Port_07-C_Port_25
C_Port_07-C_Port_27
C_Port_07-C_Port_30
C_Port_07-C_Port_34
C_Port_08-C_Port_15
C_Port_08-C_Port_29
C_Port_08-C_Port_31
C_Port_09-C_Port_22
C_Port_09-C_Port_25
C_Port_09-C_Port_26
C_Port_09-C_Port_28
C_Port_10-C_Port_13
C_Port_10-C_Port_17
C_Port_10-C_Port_19
C_Port_10-C_Port_21
C_Port_10-C_Port_29
C_Port_10-C_Port_35
C_Port_11-C_Port_13
C_Port_11-C_Port_17
C_Port_11-C_Port_21
C_Port_11-C_Port_23
C_Port_11-C_Port_31
C_Port_11-C_SOuest_35
C_Port_11-C_Sud_34
C_Port_12-C_Port_25
C_Port_12-C_Port_27
C_Port_12-C_Port_30
C_Port_12-C_Port_34
C_Port_13-C_Port_21
C_Port_13-C_Port_23
C_Port_13-C_Port_29
C_Port_13-C_Port_35
C_Port_14-C_Port_18
C_Port_14-C_Port_24
C_Port_14-C_Port_28
C_Port_14-C_Port_29
C_Port_14-C_Port_33
C_Port_15-C_Port_23
C_Port_15-C_Port_29
C_Port_15-C_Port_31
C_Port_16-C_Port_20
C_Port_16-C_Port_25
C_Port_16-C_Port_30
C_Port_16-C_Port_34
C_Port_17-C_Port_19
C_Port_17-C_Port_21
C_Port_17-C_Port_35
C_Port_17-C_SOuest_15
C_Port_17-C_Sud_22
C_Port_18-C_Port_22
C_Port_18-C_Port_24
C_Port_18-C_Port_26
C_Port_19-C_Port_21
C_Port_19-C_Port_27
C_Port_19-C_Port_35
C_Port_19-C_SOuest_26
C_Port_20-C_Port_25
C_Port_20-C_Port_30
C_Port_20-C_Port_34
C_Port_21-C_Port_31
C_Port_22-C_Port_25
C_Port_22-C_Port_26
C_Port_22-C_Port_28
C_Port_23-C_Port_31
C_Port_23-C_SOuest_00
C_Port_23-C_Sud_07
C_Port_24-C_Port_32
C_Port_24-C_Port_33
C_Port_24-C_SEst_15
C_Port_25-C_Port_28
C_Port_26-C_Port_28
C_Port_27-C_Port_30
C_Port_27-C_Port_35
C_Port_28-C_Port_29
C_Port_28-C_Port_35
C_Port_29-C_Port_31
C_Port_29-C_Port_35
C_Port_30-C_Port_34
C_Port_32-C_Port_33
C_Port_32-C_SEst_17
C_Port_32-C_Sud_36
C_SEst_00-C_SEst_17
C_SEst_00-C_SEst_25
C_SEst_00-C_SEst_27
C_SEst_00-C_SEst_31
C_SEst_00-C_SEst_33
C_SEst_00-C_SEst_35
C_SEst_00-C_SEst_38
C_SEst_01-C_SEst_02
C_SEst_01-C_SEst_04
C_SEst_01-C_SEst_09
C_SEst_01-C_SEst_20
C_SEst_01-C_SEst_21
C_SEst_01-C_SEst_23
C_SEst_01-C_SEst_24
C_SEst_01-C_SEst_29
C_SEst_01-C_SEst_32
C_SEst_01-C_SEst_37
C_SEst_02-C_SEst_04
C_SEst_02-C_SEst_20
C_SEst_02-C_SEst_21
C_SEst_02-C_SEst_29
C_SEst_02-C_SEst_36
C_SEst_02-C_SEst_37
C_SEst_03-C_SEst_05
C_SEst_03-C_SEst_09
C_SEst_03-C_SEst_23
C_SEst_03-C_SEst_24
C_SEst_03-C_SEst_28
C_SEst_03-C_SEst_32
C_SEst_03-C_SEst_40
C_SEst_04-C_SEst_20
C_SEst_04-C_SEst_21
C_SEst_04-C_SEst_29
C_SEst_04-C_SEst_36
C_SEst_05-C_SEst_09
C_SEst_05-C_SEst_23
C_SEst_05-C_SEst_24
C_SEst_05-C_SEst_28
C_SEst_05-C_SEst_32
C_SEst_05-C_SEst_40
C_SEst_06-C_SEst_08
C_SEst_06-C_SEst_12
C_SEst_06-C_SEst_13
C_SEst_06-C_SEst_15
C_SEst_06-C_SEst_33
C_SEst_06-C_SEst_41
C_SEst_07-C_SEst_10
C_SEst_07-C_SEst_14
C_SEst_07-C_SEst_22
C_SEst_07-C_SEst_30
C_SEst_07-C_SEst_34
C_SEst_07-C_SEst_39
C_SEst_08-C_SEst_12
C_SEst_08-C_SEst_15
C_SEst_08-C_SEst_35
C_SEst_08-C_SEst_41
C_SEst_09-C_SEst_24
C_SEst_09-C_SEst_29
C_SEst_09-C_SEst_37
C_SEst_10-C_SEst_14
C_SEst_10-C_SEst_25
C_SEst_10-C_SEst_34
C_SEst_10-C_SEst_39
C_SEst_10-C_Sud_36
C_SEst_11-C_SEst_16
C_SEst_11-C_SEst_18
C_SEst_11-C_SEst_19
C_SEst_11-C_SEst_26
C_SEst_11-C_SEst_36
C_SEst_12-C_SEst_13
C_SEst_12-C_SEst_15
C_SEst_12-C_SEst_27
C_SEst_12-C_SEst_33
C_SEst_12-C_SEst_35
C_SEst_12-C_SEst_38
C_SEst_13-C_SEst_28
C_SEst_13-C_SEst_33
C_SEst_13-C_SEst_40
C_SEst_14-C_SEst_17
C_SEst_14-C_SEst_25
C_SEst_14-C_SEst_31
C_SEst_14-C_SEst_34
C_SEst_14-C_SEst_39
C_SEst_15-C_SEst_17
C_SEst_15-C_SEst_35
C_SEst_15-C_SEst_41
C_SEst_16-C_SEst_18
C_SEst_16-C_SEst_19
C_SEst_16-C_SEst_21
C_SEst_16-C_SEst_26
C_SEst_16-C_SEst_30
C_SEst_16-C_SEst_36
C_SEst_17-C_SEst_31
C_SEst_17-C_SEst_35
C_SEst_17-C_SEst_38
C_SEst_17-C_SEst_41
C_SEst_18-C_SEst_19
C_SEst_18-C_SEst_22
C_SEst_18-C_SEst_26
C_SEst_18-C_SEst_30
C_SEst_19-C_SEst_26
C_SEst_20-C_SEst_21
C_SEst_20-C_SEst_23
C_SEst_20-C_SEst_29
C_SEst_20-C_SEst_37
C_SEst_21-C_SEst_36
C_SEst_21-C_SEst_37
C_SEst_22-C_SEst_25
C_SEst_22-C_SEst_30
C_SEst_22-C_SEst_31
C_SEst_22-C_SEst_34
C_SEst_23-C_SEst_24
C_SEst_23-C_SEst_32
C_SEst_23-C_SEst_37
C_SEst_24-C_SEst_29
C_SEst_24-C_SEst_37
C_SEst_25-C_SEst_27
C_SEst_25-C_SEst_30
C_SEst_25-C_SEst_31
C_SEst_25-C_SEst_39
C_SEst_26-C_SEst_30
C_SEst_27-C_SEst_31
C_SEst_27-C_SEst_33
C_SEst_27-C_SEst_35
C_SEst_27-C_SEst_38
C_SEst_27-C_SEst_41
C_SEst_28-C_SEst_32
C_SEst_28-C_SEst_40
C_SEst_29-C_SEst_36
C_SEst_30-C_SEst_34
C_SEst_31-C_SEst_38
C_SEst_31-C_SEst_39
C_SEst_32-C_SEst_33
C_SEst_32-C_SEst_37
C_SEst_32-C_SEst_40
C_SEst_33-C_SEst_40
C_SEst_34-C_SEst_39
C_SEst_34-C_Sud_09
C_SEst_35-C_SEst_38
C_SEst_35-C_SEst_41
C_SEst_38-C_SEst_41
C_SEst_39-C_Sud_38
C_SOuest_00-C_SOuest_16
C_SOuest_00-C_SOuest_22
C_SOuest_00-C_SOuest_32
C_SOuest_00-C_SOuest_35
C_SOuest_00-C_SOuest_36
C_SOuest_00-C_Sud_23
C_SOuest_00-Start
C_SOuest_01-C_SOuest_06
C_SOuest_01-C_SOuest_11
C_SOuest_01-C_SOuest_13
C_SOuest_01-C_SOuest_16
C_SOuest_01-C_SOuest_17
C_SOuest_01-C_SOuest_24
C_SOuest_01-C_SOuest_32
C_SOuest_02-C_SOuest_04
C_SOuest_02-C_SOuest_09
C_SOuest_02-C_SOuest_20
C_SOuest_02-C_SOuest_22
C_SOuest_02-C_SOuest_36
C_SOuest_02-C_SOuest_37
C_SOuest_02-C_SOuest_39
C_SOuest_02-Start
C_SOuest_03-C_SOuest_12
C_SOuest_03-C_SOuest_14
C_SOuest_03-C_SOuest_18
C_SOuest_03-C_SOuest_19
C_SOuest_03-C_SOuest_25
C_SOuest_03-C_SOuest_28
C_SOuest_04-C_SOuest_08
C_SOuest_04-C_SOuest_10
C_SOuest_04-C_SOuest_19
C_SOuest_04-C_SOuest_21
C_SOuest_04-C_SOuest_27
C_SOuest_04-C_SOuest_29
C_SOuest_04-C_SOuest_34
C_SOuest_04-Start
C_SOuest_05-C_SOuest_07
C_SOuest_05-C_SOuest_29
C_SOuest_05-C_SOuest_30
C_SOuest_05-C_SOuest_38
C_SOuest_05-C_SOuest_41
C_SOuest_05-C_Vieux_05
C_SOuest_06-C_SOuest_11
C_SOuest_06-C_SOuest_13
C_SOuest_06-C_SOuest_16
C_SOuest_06-C_SOuest_17
C_SOuest_06-C_SOuest_24
C_SOuest_06-C_SOuest_26
C_SOuest_06-C_SOuest_32
C_SOuest_07-C_SOuest_08
C_SOuest_07-C_SOuest_29
C_SOuest_07-C_SOuest_30
C_SOuest_07-C_SOuest_38
C_SOuest_07-C_Vieux_22
C_SOuest_08-C_SOuest_14
C_SOuest_08-C_SOuest_19
C_SOuest_08-C_SOuest_30
C_SOuest_08-C_SOuest_41
C_SOuest_09-C_SOuest_22
C_SOuest_09-C_SOuest_35
C_SOuest_09-C_SOuest_36
C_SOuest_09-C_SOuest_37
C_SOuest_09-C_SOuest_39
C_SOuest_09-C_SOuest_40
C_SOuest_09-Start
C_SOuest_10-C_SOuest_21
C_SOuest_10-C_SOuest_27
C_SOuest_10-C_SOuest_34
C_SOuest_10-C_SOuest_41
C_SOuest_10-Start
C_SOuest_11-C_SOuest_13
C_SOuest_11-C_SOuest_15
C_SOuest_11-C_SOuest_17
C_SOuest_11-C_SOuest_26
C_SOuest_11-C_SOuest_32
C_SOuest_12-C_SOuest_18
C_SOuest_12-C_SOuest_19
C_SOuest_12-C_SOuest_23
C_SOuest_12-C_SOuest_25
C_SOuest_12-C_SOuest_28
C_SOuest_13-C_SOuest_16
C_SOuest_13-C_SOuest_17
C_SOuest_13-C_SOuest_24
C_SOuest_13-Start
C_SOuest_14-C_SOuest_19
C_SOuest_14-C_SOuest_30
C_SOuest_14-C_SOuest_38
C_SOuest_14-C_SOuest_41
C_SOuest_15-C_SOuest_17
C_SOuest_15-C_SOuest_23
C_SOuest_15-C_SOuest_26
C_SOuest_15-C_SOuest_33
C_SOuest_16-C_SOuest_22
C_SOuest_16-C_SOuest_24
C_SOuest_16-C_SOuest_32
C_SOuest_16-Start
C_SOuest_17-C_SOuest_23
C_SOuest_17-C_SOuest_26
C_SOuest_18-C_SOuest_23
C_SOuest_18-C_SOuest_25
C_SOuest_18-C_SOuest_28
C_SOuest_18-C_SOuest_33
C_SOuest_20-C_SOuest_21
C_SOuest_20-C_SOuest_31
C_SOuest_20-C_SOuest_34
C_SOuest_20-C_SOuest_37
C_SOuest_20-C_SOuest_39
C_SOuest_20-C_SOuest_40
C_SOuest_20-Start
C_SOuest_21-C_SOuest_27
C_SOuest_21-C_SOuest_31
C_SOuest_21-C_SOuest_34
C_SOuest_21-C_SOuest_41
C_SOuest_21-Start
C_SOuest_22-C_SOuest_24
C_SOuest_22-C_SOuest_35
C_SOuest_22-C_SOuest_36
C_SOuest_22-Start
C_SOuest_23-C_SOuest_25
C_SOuest_23-C_SOuest_28
C_SOuest_23-C_SOuest_33
C_SOuest_24-C_SOuest_32
C_SOuest_24-Start
C_SOuest_25-C_SOuest_28
C_SOuest_25-C_SOuest_33
C_SOuest_26-C_SOuest_33
C_SOuest_27-C_SOuest_29
C_SOuest_27-C_SOuest_38
C_SOuest_27-C_SOuest_41
C_SOuest_27-Start
C_SOuest_28-C_SOuest_33
C_SOuest_29-C_SOuest_30
C_SOuest_29-C_SOuest_38
C_SOuest_29-C_SOuest_41
C_SOuest_29-C_Vieux_24
C_SOuest_30-C_SOuest_38
C_SOuest_31-C_SOuest_34
C_SOuest_31-C_SOuest_37
C_SOuest_31-C_SOuest_39
C_SOuest_31-C_SOuest_40
C_SOuest_31-Start
C_SOuest_32-C_Sud_02
C_SOuest_34-C_SOuest_40
C_SOuest_34-C_SOuest_41
C_SOuest_34-Start
C_SOuest_35-C_SOuest_36
C_SOuest_35-C_Sud_06
C_SOuest_35-Start
C_SOuest_36-C_SOuest_39
C_SOuest_36-Start
C_SOuest_37-C_SOuest_39
C_SOuest_37-C_SOuest_40
C_SOuest_37-Start
C_SOuest_38-C_SOuest_41
C_SOuest_39-C_SOuest_40
C_SOuest_39-Start
C_SOuest_40-Start
C_SOuest_41-Start
C_Sud_00-C_Sud_10
C_Sud_00-C_Sud_17
C_Sud_00-C_Sud_21
C_Sud_00-C_Sud_30
C_Sud_00-C_Sud_33
C_Sud_00-C_Sud_40
C_Sud_01-C_Sud_08
C_Sud_01-C_Sud_15
C_Sud_01-C_Sud_19
C_Sud_01-C_Sud_27
C_Sud_01-C_Sud_29
C_Sud_01-C_Sud_44
C_Sud_02-C_Sud_03
C_Sud_02-C_Sud_06
C_Sud_02-C_Sud_16
C_Sud_02-C_Sud_23
C_Sud_02-C_Sud_35
C_Sud_02-C_Sud_41
C_Sud_02-C_Sud_42
C_Sud_03-C_Sud_06
C_Sud_03-C_Sud_11
C_Sud_03-C_Sud_23
C_Sud_03-C_Sud_35
C_Sud_03-C_Sud_41
C_Sud_03-C_Sud_42
C_Sud_04-C_Sud_12
C_Sud_04-C_Sud_20
C_Sud_04-C_Sud_22
C_Sud_04-C_Sud_24
C_Sud_04-C_Sud_32
C_Sud_04-C_Sud_37
C_Sud_04-C_Sud_39
C_Sud_05-C_Sud_10
C_Sud_05-C_Sud_11
C_Sud_05-C_Sud_16
C_Sud_05-C_Sud_25
C_Sud_05-C_Sud_30
C_Sud_05-C_Sud_31
C_Sud_05-C_Sud_40
C_Sud_06-C_Sud_11
C_Sud_06-C_Sud_23
C_Sud_06-C_Sud_35
C_Sud_06-C_Sud_41
C_Sud_07-C_Sud_15
C_Sud_07-C_Sud_22
C_Sud_07-C_Sud_27
C_Sud_07-C_Sud_34
C_Sud_07-C_Sud_39
C_Sud_07-C_Sud_44
C_Sud_08-C_Sud_15
C_Sud_08-C_Sud_19
C_Sud_08-C_Sud_27
C_Sud_08-C_Sud_29
C_Sud_08-C_Sud_44
C_Sud_09-C_Sud_20
C_Sud_09-C_Sud_24
C_Sud_09-C_Sud_32
C_Sud_09-C_Sud_36
C_Sud_09-C_Sud_37
C_Sud_09-C_Sud_38
C_Sud_10-C_Sud_14
C_Sud_10-C_Sud_16
C_Sud_10-C_Sud_17
C_Sud_10-C_Sud_30
C_Sud_10-C_Sud_40
C_Sud_10-C_Sud_43
C_Sud_11-C_Sud_23
C_Sud_11-C_Sud_25
C_Sud_11-C_Sud_31
C_Sud_11-C_Sud_35
C_Sud_11-C_Sud_40
C_Sud_11-C_Sud_42
C_Sud_12-C_Sud_13
C_Sud_12-C_Sud_18
C_Sud_12-C_Sud_24
C_Sud_12-C_Sud_32
C_Sud_12-C_Sud_36
C_Sud_12-C_Sud_37
C_Sud_12-C_Sud_38
C_Sud_12-C_Sud_43
C_Sud_13-C_Sud_18
C_Sud_13-C_Sud_24
C_Sud_13-C_Sud_28
C_Sud_13-C_Sud_32
C_Sud_13-C_Sud_37
C_Sud_13-C_Sud_38
C_Sud_14-C_Sud_15
C_Sud_14-C_Sud_16
C_Sud_14-C_Sud_27
C_Sud_14-C_Sud_34
C_Sud_14-C_Sud_37
C_Sud_14-C_Sud_43
C_Sud_14-C_Sud_44
C_Sud_15-C_Sud_22
C_Sud_15-C_Sud_27
C_Sud_15-C_Sud_34
C_Sud_15-C_Sud_44
C_Sud_16-C_Sud_19
C_Sud_16-C_Sud_25
C_Sud_16-C_Sud_29
C_Sud_16-C_Sud_30
C_Sud_16-C_Sud_35
C_Sud_16-C_Sud_41
C_Sud_16-C_Sud_42
C_Sud_17-C_Sud_21
C_Sud_17-C_Sud_26
C_Sud_17-C_Sud_33
C_Sud_17-C_Sud_40
C_Sud_18-C_Sud_28
C_Sud_18-C_Sud_37
C_Sud_18-C_Sud_38
C_Sud_18-C_Sud_43
C_Sud_19-C_Sud_29
C_Sud_19-C_Sud_41
C_Sud_19-C_Sud_42
C_Sud_20-C_Sud_24
C_Sud_20-C_Sud_32
C_Sud_20-C_Sud_36
C_Sud_20-C_Sud_37
C_Sud_20-C_Sud_39
C_Sud_21-C_Sud_26
C_Sud_21-C_Sud_28
C_Sud_21-C_Sud_33
C_Sud_22-C_Sud_34
C_Sud_22-C_Sud_39
C_Sud_22-C_Sud_44
C_Sud_23-C_Sud_25
C_Sud_23-C_Sud_41
C_Sud_24-C_Sud_32
C_Sud_24-C_Sud_36
C_Sud_24-C_Sud_37
C_Sud_24-C_Sud_39
C_Sud_25-C_Sud_31
C_Sud_25-C_Sud_42
C_Sud_26-C_Sud_28
C_Sud_26-C_Sud_33
C_Sud_26-C_Sud_38
C_Sud_26-C_Sud_43
C_Sud_27-C_Sud_34
C_Sud_27-C_Sud_44
C_Sud_28-C_Sud_33
C_Sud_28-C_Sud_36
C_Sud_28-C_Sud_38
C_Sud_28-C_Sud_43
C_Sud_29-C_Sud_41
C_Sud_29-C_Sud_42
C_Sud_30-C_Sud_31
C_Sud_30-C_Sud_40
C_Sud_30-C_Sud_43
C_Sud_31-C_Sud_35
C_Sud_31-C_Sud_40
C_Sud_31-C_Sud_42
C_Sud_32-C_Sud_36
C_Sud_32-C_Sud_38
C_Sud_33-C_Sud_38
C_Sud_33-C_Sud_43
C_Sud_34-C_Sud_44
C_Sud_35-C_Sud_41
C_Sud_35-C_Sud_42
C_Sud_36-C_Sud_38
C_Sud_37-C_Sud_39
C_Sud_41-C_Sud_42
C_Vieux_00-C_Vieux_05
C_Vieux_00-C_Vieux_10
C_Vieux_00-C_Vieux_11
C_Vieux_00-C_Vieux_13
C_Vieux_00-C_Vieux_24
C_Vieux_01-C_Vieux_02
C_Vieux_01-C_Vieux_10
C_Vieux_01-C_Vieux_15
C_Vieux_01-C_Vieux_17
C_Vieux_01-C_Vieux_24
C_Vieux_01-C_Vieux_30
C_Vieux_01-C_Vieux_31
C_Vieux_02-C_Vieux_11
C_Vieux_02-C_Vieux_13
C_Vieux_02-C_Vieux_15
C_Vieux_02-C_Vieux_22
C_Vieux_02-C_Vieux_28
C_Vieux_02-C_Vieux_30
C_Vieux_03-C_Vieux_04
C_Vieux_03-C_Vieux_09
C_Vieux_03-C_Vieux_12
C_Vieux_03-C_Vieux_15
C_Vieux_03-C_Vieux_16
C_Vieux_03-C_Vieux_25
C_Vieux_03-C_Vieux_26
C_Vieux_04-C_Vieux_06
C_Vieux_04-C_Vieux_12
C_Vieux_04-C_Vieux_23
C_Vieux_05-C_Vieux_10
C_Vieux_05-C_Vieux_11
C_Vieux_05-C_Vieux_13
C_Vieux_06-C_Vieux_08
C_Vieux_06-C_Vieux_15
C_Vieux_06-C_Vieux_21
C_Vieux_06-C_Vieux_23
C_Vieux_06-C_Vieux_28
C_Vieux_07-C_Vieux_17
C_Vieux_07-C_Vieux_18
C_Vieux_07-C_Vieux_19
C_Vieux_07-C_Vieux_20
C_Vieux_07-C_Vieux_27
C_Vieux_07-C_Vieux_29
C_Vieux_08-C_Vieux_11
C_Vieux_08-C_Vieux_13
C_Vieux_08-C_Vieux_15
C_Vieux_08-C_Vieux_21
C_Vieux_08-C_Vieux_22
C_Vieux_08-C_Vieux_28
C_Vieux_08-C_Vieux_30
C_Vieux_09-C_Vieux_14
C_Vieux_09-C_Vieux_16
C_Vieux_09-C_Vieux_18
C_Vieux_09-C_Vieux_26
C_Vieux_10-C_Vieux_11
C_Vieux_10-C_Vieux_17
C_Vieux_10-C_Vieux_24
C_Vieux_10-C_Vieux_31
C_Vieux_11-C_Vieux_13
C_Vieux_11-C_Vieux_22
C_Vieux_11-C_Vieux_28
C_Vieux_12-C_Vieux_23
C_Vieux_12-C_Vieux_25
C_Vieux_13-C_Vieux_22
C_Vieux_13-C_Vieux_28
C_Vieux_14-C_Vieux_16
C_Vieux_14-C_Vieux_18
C_Vieux_14-C_Vieux_25
C_Vieux_14-C_Vieux_26
C_Vieux_14-C_Vieux_29
C_Vieux_15-C_Vieux_21
C_Vieux_15-C_Vieux_30
C_Vieux_16-C_Vieux_18
C_Vieux_16-C_Vieux_25
C_Vieux_16-C_Vieux_26
C_Vieux_17-C_Vieux_20
C_Vieux_17-C_Vieux_31
C_Vieux_18-C_Vieux_27
C_Vieux_18-C_Vieux_29
C_Vieux_19-C_Vieux_20
C_Vieux_19-C_Vieux_27
C_Vieux_19-C_Vieux_29
C_Vieux_19-C_Vieux_31
C_Vieux_20-C_Vieux_24
C_Vieux_20-C_Vieux_31
C_Vieux_21-C_Vieux_22
C_Vieux_21-C_Vieux_23
C_Vieux_21-C_Vieux_30
C_Vieux_22-C_Vieux_28
C_Vieux_24-C_Vieux_31
C_Vieux_25-C_Vieux_26
C_Vieux_27-C_Vieux_29
C_Vieux_28-C_Vieux_30
